// Vitest Snapshot v1, https://vitest.dev/guide/snapshot.html

exports[`Count Button > Create count button 1`] = `"<button>Count Button Test is 100</button>"`;
